3,175 unique players to cover
3,175 players, 1 cached, 3,174 to fetch
  100/3,174  ok=100
  200/3,174  ok=200
  300/3,174  ok=300
  400/3,174  ok=400
  500/3,174  ok=500
  600/3,174  ok=600
  700/3,174  ok=700
  800/3,174  ok=800
  900/3,174  ok=900
  1,000/3,174  ok=1,000
  1,100/3,174  ok=1,100
  1,200/3,174  ok=1,200
  1,300/3,174  ok=1,300
  1,400/3,174  ok=1,400
  1,500/3,174  ok=1,500
  1,600/3,174  ok=1,600
  1,700/3,174  ok=1,700
  1,800/3,174  ok=1,800
  1,900/3,174  ok=1,900
  2,000/3,174  ok=2,000
  2,100/3,174  ok=2,100
  2,200/3,174  ok=2,200
  2,300/3,174  ok=2,300
